./test/damm.sh: 17: Illegal number: a
Fail 1a2 != 1a