./test/damm.sh: 14: Illegal number: a
Fail 1a2 != 1a